10
uEDohzsw
sGoSJQCd
xpqcmBAh
mRbuvRco
YXuekNRh
FBsIOIhj
blCsqzAk
hypGVNJa
DkTROFMh
bJpltTIB
10
true
true
true
false
false
false
0
false
false
false
false
false
false
false
true
true
10
17097651
37587447
99690365
37316976
17726131
76247289
61448270
30095731
71872119
15910798
false
false
false
true
true
true
0
false
false
false
false
false
false
1
false
true
false
false
false
false
