10
190370559
645542413
21869
622067
950861745
622163906
6103464
681016848
704309464
363999672
-1
-1
-1
9
8
7
6
5
4
3
2
1
0
-1
-1
0