11
3687385
63877277
60516058
-31728551
88695393
73786989
-48893253
6233415
80064894
-38220460
61
12
-9
3687385
63877277
60516058
-31728551
88695393
73786989
-48893253
6233415
80064894
-38220460
61
13
-9
3687385
63877277
60516058
-31728551
88695393
73786989
-48893253
6233415
80064894
-38220460
61
88
0
1
2
3
4
5
6
7
8
9
9
10
1
2
3
4
-55
5
6
7
8
9
15
wmsoONrRlwaCEZW
ThJhrzUhUqJGviW
GHTvHqbLYegDKJB
GPssfIZuktYTHfK
EXVZbVqSLzSQJPg
oSpHFNSwbrjOQEQ
OljhTmnawcSoYBf
wuuRbssoJdRuNTS
cxETBpBMFoSzJgp
yjDroUMUQHVMpdB
TUMXoxdUsIRfCed
HUfHzMCSMcoDGxl
VuDbLDAYAzdEMhQ
EgRBluTNMuBQmfX
sQrWHbWZKzNmqjr
17
a
wmsoONrRlwaCEZW
ThJhrzUhUqJGviW
GHTvHqbLYegDKJB
GPssfIZuktYTHfK
EXVZbVqSLzSQJPg
oSpHFNSwbrjOQEQ
OljhTmnawcSoYBf
wuuRbssoJdRuNTS
cxETBpBMFoSzJgp
yjDroUMUQHVMpdB
TUMXoxdUsIRfCed
HUfHzMCSMcoDGxl
VuDbLDAYAzdEMhQ
EgRBluTNMuBQmfX
sQrWHbWZKzNmqjr
b
a
wmsoONrRlwaCEZW
ThJhrzUhUqJGviW
GHTvHqbLYegDKJB
GPssfIZuktYTHfK
c
EXVZbVqSLzSQJPg
oSpHFNSwbrjOQEQ
OljhTmnawcSoYBf
wuuRbssoJdRuNTS
cxETBpBMFoSzJgp
yjDroUMUQHVMpdB
TUMXoxdUsIRfCed
HUfHzMCSMcoDGxl
VuDbLDAYAzdEMhQ
EgRBluTNMuBQmfX
sQrWHbWZKzNmqjr
b
18
