10
5000805
1934742
4796453
3759620
9203516
6969483
2476455
8281409
981098
8214043
False
False
False
10
5000805
1934742
4796453
3759620
9203516
6969483
2476455
8281409
981098
8214043
True
True
True
7
1934742
4796453
9203516
6969483
2476455
8281409
981098
True
8
-3
1934742
4796453
9203516
2476455
8281409
981098
3
False
12
ahoj
qsTcwKd
vWfSVCd
auXRvkg
CuRkfSN
gWuzMXO
rUORhjf
QWHZPwq
nEYfWxe
TUUDuxV
KGAlUrX
svete
False
False
True
True
10
qsTcwKd
vWfSVCd
auXRvkg
CuRkfSN
gWuzMXO
rUORhjf
QWHZPwq
nEYfWxe
TUUDuxV
KGAlUrX
True
9
qsTcwKd
vWfSVCd
auXRvkg
CuRkfSN
gWuzMXO
rUORhjf
nEYfWxe
TUUDuxV
KGAlUrX
