10
qsTcwKd
vWfSVCd
auXRvkg
CuRkfSN
gWuzMXO
rUORhjf
QWHZPwq
nEYfWxe
TUUDuxV
KGAlUrX
9
vWfSVCd
auXRvkg
CuRkfSN
gWuzMXO
rUORhjf
QWHZPwq
nEYfWxe
TUUDuxV
KGAlUrX
11
yyy
vWfSVCd
auXRvkg
CuRkfSN
gWuzMXO
rUORhjf
QWHZPwq
nEYfWxe
TUUDuxV
KGAlUrX
xxx
9
yyy
auXRvkg
CuRkfSN
gWuzMXO
rUORhjf
QWHZPwq
nEYfWxe
TUUDuxV
xxx
5
aaa
QWHZPwq
nEYfWxe
TUUDuxV
xxx
10
5000805
1934742
4796453
3759620
9203516
6969483
2476455
8281409
981098
8214043
7
5000805
4796453
9203516
6969483
2476455
8281409
981098
