5
4
7
8
1
2
3
4
5
12
154
458
654
1000
15
16
1
0
18
Lorem
ipsum
dolor
sit
amet,
vel
ex
viris
virtute
corpora.
Eu
vix
quando
ornatus
assentior.
15
