11
4
290367140
228125465
349822234
847257380
705661013
753158746
212333020
889655868
366759348
852761187
1,2,3,4,5,4,290367140,228125465,349822234,847257380,705661013,753158746,212333020,889655868,366759348,852761187,
1
30
4
ahoj
svete
unit
testing
ykRXzPdlOZ,ahoj,svete,unit,testing,flQeR,rxFhGKVS,YyvLhLZw,FCZMrDSFIg,OpvvGxAdij,
ykRXzPdlOZ,FquDbpgHyX,ZttqHzmFtB,RvNzjcrLtK,WxhwlaFwOy,flQeR,rxFhGKVS,YyvLhLZw,FCZMrDSFIg,OpvvGxAdij,
ykRXzPdlOZ,xxxxxxx,ZttqHzmFtB,RvNzjcrLtK,WxhwlaFwOy,flQeR,rxFhGKVS,YyvLhLZw,FCZMrDSFIg,OpvvGxAdij,
ykRXzPdlOZ,xxxxxxx,yy,RvNzjcrLtK,WxhwlaFwOy,flQeR,rxFhGKVS,YyvLhLZw,FCZMrDSFIg,OpvvGxAdij,
ykRXzPdlOZ,xxxxxxx,yy,zz,WxhwlaFwOy,flQeR,rxFhGKVS,YyvLhLZw,FCZMrDSFIg,OpvvGxAdij,
ykRXzPdlOZ,xxxxxxx,yy,zz,a,b,rxFhGKVS,YyvLhLZw,FCZMrDSFIg,OpvvGxAdij,
ykRXzPdlOZ,xxxxxxx,yy,zz,a,b,c,d,e,f,
