10
kDFTkKm
NTjrWTl
nuJDXVP
obowiiw
jAtVrmV
ONstDrk
SMfzzxo
UEBvgii
NYvLaqT
upqIszl
10
kDFTkKm
NTjrWTl
nuJDXVP
obowiiw
jAtVrmV
ONstDrk
SMfzzxo
UEBvgii
NYvLaqT
upqIszl
10
10
kDFTkKm
RZkXmzz
nuJDXVP
obowiiw
jAtVrmV
ONstDrk
SMfzzxo
UEBvgii
NYvLaqT
upqIszl
10
kDFTkKm
RZkXmzz
VjvqfKz
obowiiw
jAtVrmV
iJdIwir
SMfzzxo
UEBvgii
NYvLaqT
PPfazLW
11
kDFTkKm
RZkXmzz
VjvqfKz
obowiiw
jAtVrmV
iJdIwir
SMfzzxo
UEBvgii
NYvLaqT
PPfazLW
mkasj45
11
kDFTkKm
RZkXmzz
VjvqfKz
obowiiw
jAtVrmV
iJdIwir
SMfzzxo
UEBvgii
NYvLaqT
PPfazLW
mkasj45
10
7181738
7082572
6769703
9363076
5766700
2697765
5789202
6689302
7582150
5263478
10
7181738
1234567
6769703
9363076
5766700
2697765
5789202
6689302
7582150
5263478
10
-1
-2
6769703
9363076
5766700
2697765
5789202
6689302
7582150
-654123
